data/sales.csv
date,sku,price,promo_flag,discount_pct,is_weekend,is_holiday,sales
2023-11-08,SKU_03,28.03,0,0.0,0,0,763
2023-11-09,SKU_03,28.16,0,0.0,0,0,913
2023-11-10,SKU_03,29.3,0,0.0,0,0,1030
2023-11-11,SKU_03,31.73,0,0.0,1,0,1071
2023-11-12,SKU_03,30.13,0,0.0,1,0,913
2023-11-13,SKU_03,35.18,0,0.0,0,0,703
2023-11-14,SKU_03,34.22,0,0.0,0,0,682
2023-11-15,SKU_03,33.63,0,0.0,0,0,769
2023-11-16,SKU_03,34.15,0,0.0,0,0,912
2023-11-17,SKU_03,37.65,0,0.0,0,0,1005
2023-11-18,SKU_03,37.61,0,0.0,1,0,1063
2023-11-19,SKU_03,39.14,0,0.0,1,0,894
2023-11-20,SKU_03,42.83,0,0.0,0,0,691
2023-11-21,SKU_03,40.39,0,0.0,0,0,689
2023-11-22,SKU_03,41.59,0,0.0,0,0,767
2023-11-23,SKU_03,41.85,0,0.0,0,0,85
2023-11-24,SKU_03,40.51,0,0.0,0,0,1042
2023-11-25,SKU_03,40.83,0,0.0,1,0,1101
2023-11-26,SKU_03,41.19,0,0.0,1,0,927
2023-11-27,SKU_03,41.01,0,0.0,0,0,741
2023-11-28,SKU_03,38.79,0,0.0,0,0,748
2023-11-29,SKU_03,38.09,0,0.0,0,0,835
2023-11-30,SKU_03,38.47,0,0.0,0,0,983
2023-12-01,SKU_03,38.49,0,0.0,0,0,1131
2023-12-02,SKU_03,41.01,0,0.0,1,0,1159
2023-12-03,SKU_03,41.8,0,0.0,1,0,979
2023-12-04,SKU_03,35.85,0,0.0,0,0,837
2023-12-05,SKU_03,37.48,0,0.0,0,0,789
2023-12-06,SKU_03,41.08,0,0.0,0,0,883
2023-12-07,SKU_03,40.42,0,0.0,0,0,1020
2023-12-08,SKU_03,40.42,0,0.0,0,0,1178
2023-12-09,SKU_03,44.25,0,0.0,1,0,1197
2023-12-10,SKU_03,38.3,0,0.0,1,0,1060
2023-12-11,SKU_03,36.95,0,0.0,0,0,863
2023-12-12,SKU_03,37.19,0,0.0,0,0,845
2023-12-13,SKU_03,31.57,0,0.0,0,0,1007
2023-12-14,SKU_03,30.62,0,0.0,0,0,1197
2023-12-15,SKU_03,29.51,0,0.0,0,0,1397
2023-12-16,SKU_03,28.22,0,0.0,1,0,1488
2023-12-17,SKU_03,30.77,0,0.0,1,0,1211
2023-12-18,SKU_03,32.27,0,0.0,0,0,959
2023-12-19,SKU_03,32.1,0,0.0,0,0,939
2023-12-20,SKU_03,33.36,0,0.0,0,0,1044
2023-12-21,SKU_03,34.18,0,0.0,0,0,1221
2023-12-22,SKU_03,33.61,0,0.0,0,0,1402
2023-12-23,SKU_03,34.13,0,0.0,1,0,1482
2023-12-24,SKU_03,33.58,0,0.0,1,0,1233
2023-12-25,SKU_03,34.51,0,0.0,0,0,1004
2023-12-26,SKU_03,32.84,0,0.0,0,0,985
2023-12-27,SKU_03,28.69,0,0.0,0,0,1168
2023-12-28,SKU_03,28.97,0,0.0,0,0,1363
2023-12-29,SKU_03,32.59,0,0.0,0,0,1500
2023-12-30,SKU_03,35.52,0,0.0,1,0,1524
2023-12-31,SKU_03,35.56,0,0.0,1,0,1291
2024-01-01,SKU_03,34.61,0,0.0,0,1,1257
2024-01-02,SKU_03,32.51,0,0.0,0,0,1046
2024-01-03,SKU_03,34.17,0,0.0,0,0,1158
2024-01-04,SKU_03,30.77,0,0.0,0,0,1411
2024-01-05,SKU_03,29.11,0,0.0,0,0,1629
2024-01-06,SKU_03,31.06,1,0.286,1,0,3242
2024-01-07,SKU_03,30.43,0,0.0,1,1,1710
2024-01-08,SKU_03,30.78,0,0.0,0,0,1144
2024-01-09,SKU_03,31.32,0,0.0,0,0,1109
2024-01-10,SKU_03,28.35,0,0.0,0,0,1284
2024-01-11,SKU_03,26.41,0,0.0,0,0,1556
2024-01-12,SKU_03,28.25,0,0.0,0,0,1734
2024-01-13,SKU_03,26.91,0,0.0,1,0,1857
2024-01-14,SKU_03,29.25,0,0.0,1,0,1501
2024-01-15,SKU_03,30.79,0,0.0,0,0,1190
2024-01-16,SKU_03,27.39,0,0.0,0,0,1218
2024-01-17,SKU_03,28.75,0,0.0,0,0,1342
2024-01-18,SKU_03,28.7,0,0.0,0,0,1581
2024-01-19,SKU_03,27.22,0,0.0,0,0,1826
2024-01-20,SKU_03,26.53,0,0.0,1,0,1932
2024-01-21,SKU_03,27.38,0,0.0,1,0,1615
2024-01-22,SKU_03,25.25,0,0.0,0,0,1331
2024-01-23,SKU_03,24.92,0,0.0,0,0,1315
2024-01-24,SKU_03,25.98,0,0.0,0,0,1446
2024-01-25,SKU_03,28.89,0,0.0,0,0,1639
2024-01-26,SKU_03,26.06,0,0.0,0,0,1941
2024-01-27,SKU_03,23.62,0,0.0,1,0,2117
2024-01-28,SKU_03,22.0,0,0.0,1,0,1811
2024-01-29,SKU_03,20.55,0,0.0,0,0,1507
2024-01-30,SKU_03,21.38,0,0.0,0,0,1434
2024-01-31,SKU_03,22.45,0,0.0,0,0,1588
2024-02-01,SKU_03,22.94,0,0.0,0,0,1839
2024-02-02,SKU_03,24.36,0,0.0,0,0,2065
2024-02-03,SKU_03,24.92,0,0.0,1,0,2136
2024-02-04,SKU_03,22.96,0,0.0,1,0,1852
2024-02-05,SKU_03,23.4,0,0.0,0,0,1475
2024-02-06,SKU_03,20.54,1,0.24,0,0,2793
2024-02-07,SKU_03,20.45,0,0.0,0,0,1692
2024-02-08,SKU_03,20.67,0,0.0,0,0,1966
2024-02-09,SKU_03,20.35,0,0.0,0,0,2267
2024-02-10,SKU_03,21.43,0,0.0,1,0,2339
2024-02-11,SKU_03,21.0,0,0.0,1,0,1972
2024-02-12,SKU_03,21.7,0,0.0,0,0,1574
2024-02-13,SKU_03,21.85,0,0.0,0,0,1517
2024-02-14,SKU_03,22.66,0,0.0,0,0,1684
2024-02-15,SKU_03,17.75,0,0.0,0,0,2139
2024-02-16,SKU_03,17.31,0,0.0,0,0,2475
2024-02-17,SKU_03,19.9,0,0.0,1,0,2467
2024-02-18,SKU_03,20.52,0,0.0,1,0,2050
2024-02-19,SKU_03,20.63,0,0.0,0,0,1639
2024-02-20,SKU_03,21.01,0,0.0,0,0,1582
2024-02-21,SKU_03,19.16,0,0.0,0,0,1834
2024-02-22,SKU_03,19.93,0,0.0,0,0,2122
2024-02-23,SKU_03,21.96,0,0.0,0,1,2814
2024-02-24,SKU_03,23.2,0,0.0,1,0,2406
2024-02-25,SKU_03,21.34,0,0.0,1,0,2073
2024-02-26,SKU_03,21.06,0,0.0,0,0,1677
2024-02-27,SKU_03,18.83,0,0.0,0,0,1683
2024-02-28,SKU_03,19.21,0,0.0,0,0,1878
2024-02-29,SKU_03,18.21,0,0.0,0,0,2240
2024-03-01,SKU_03,18.11,0,0.0,0,0,2554
2024-03-02,SKU_03,18.89,0,0.0,1,0,2644
2024-03-03,SKU_03,19.02,0,0.0,1,0,2196
2024-03-04,SKU_03,19.86,0,0.0,0,0,1740
2024-03-05,SKU_03,19.22,0,0.0,0,0,1703
2024-03-06,SKU_03,18.85,0,0.0,0,0,1925
2024-03-07,SKU_03,18.4,0,0.0,0,0,2271
2024-03-08,SKU_03,18.33,0,0.0,0,1,3116
2024-03-09,SKU_03,18.02,0,0.0,1,0,2728
2024-03-10,SKU_03,20.01,0,0.0,1,0,2199
2024-03-11,SKU_03,23.3,0,0.0,0,0,1671
2024-03-12,SKU_03,21.91,0,0.0,0,0,1654
2024-03-13,SKU_03,20.98,0,0.0,0,0,1882
2024-03-14,SKU_03,20.6,0,0.0,0,0,2218
2024-03-15,SKU_03,22.57,0,0.0,0,0,2455
2024-03-16,SKU_03,21.21,0,0.0,1,0,2610
2024-03-17,SKU_03,20.3,0,0.0,1,0,2211
2024-03-18,SKU_03,19.75,0,0.0,0,0,1798
2024-03-19,SKU_03,20.1,0,0.0,0,0,1732
2024-03-20,SKU_03,23.93,0,0.0,0,0,1827
2024-03-21,SKU_03,28.0,0,0.0,0,0,2024
2024-03-22,SKU_03,30.06,0,0.0,0,0,2253
2024-03-23,SKU_03,31.58,1,0.155,1,0,3981
2024-03-24,SKU_03,30.23,0,0.0,1,0,1945
2024-03-25,SKU_03,32.64,0,0.0,0,0,1534
2024-03-26,SKU_03,31.76,0,0.0,0,0,1485
2024-03-27,SKU_03,30.99,0,0.0,0,0,1684
2024-03-28,SKU_03,26.84,0,0.0,0,0,2065
2024-03-29,SKU_03,25.0,0,0.0,0,0,2417
2024-03-30,SKU_03,25.09,0,0.0,1,0,2517
2024-03-31,SKU_03,24.13,0,0.0,1,0,2133
2024-04-01,SKU_03,20.73,0,0.0,0,0,1807
2024-04-02,SKU_03,19.96,0,0.0,0,0,1769
2024-04-03,SKU_03,21.6,0,0.0,0,0,1923
2024-04-04,SKU_03,19.04,0,0.0,0,0,2345
2024-04-05,SKU_03,18.28,0,0.0,0,0,2707
2024-04-06,SKU_03,18.87,0,0.0,1,0,2786
2024-04-07,SKU_03,23.07,0,0.0,1,0,2175
2024-04-08,SKU_03,21.69,0,0.0,0,0,1783
2024-04-09,SKU_03,20.14,0,0.0,0,0,1766
2024-04-10,SKU_03,20.73,0,0.0,0,0,1956
2024-04-11,SKU_03,19.0,0,0.0,0,0,2344
2024-04-12,SKU_03,19.39,0,0.0,0,0,2667
2024-04-13,SKU_03,20.17,0,0.0,1,0,2738
2024-04-14,SKU_03,19.15,1,0.275,1,0,4438
2024-04-15,SKU_03,19.84,0,0.0,0,0,1835
2024-04-16,SKU_03,20.08,0,0.0,0,0,1766
2024-04-17,SKU_03,21.6,0,0.0,0,0,1937
2024-04-18,SKU_03,22.75,0,0.0,0,0,2203
2024-04-19,SKU_03,20.99,0,0.0,0,0,2578
2024-04-20,SKU_03,23.93,0,0.0,1,0,2572
2024-04-21,SKU_03,27.26,0,0.0,1,0,2044
2024-04-22,SKU_03,25.55,0,0.0,0,0,1674
2024-04-23,SKU_03,28.46,0,0.0,0,0,1555
2024-04-24,SKU_03,27.13,0,0.0,0,0,1784
2024-04-25,SKU_03,30.95,1,0.173,0,0,277
2024-04-26,SKU_03,31.89,0,0.0,0,0,2219
2024-04-27,SKU_03,30.86,0,0.0,1,0,2343
2024-04-28,SKU_03,32.24,0,0.0,1,0,1917
2024-04-29,SKU_03,31.66,0,0.0,0,0,1533
2024-04-30,SKU_03,30.76,0,0.0,0,0,1506
2024-05-01,SKU_03,23.91,0,0.0,0,1,2212
2024-05-02,SKU_03,19.8,0,0.0,0,1,2744
2024-05-03,SKU_03,18.88,0,0.0,0,0,2648
2024-05-04,SKU_03,19.68,0,0.0,1,0,2721
2024-05-05,SKU_03,19.29,0,0.0,1,0,2267
2024-05-06,SKU_03,20.94,0,0.0,0,0,1770
2024-05-07,SKU_03,20.3,0,0.0,0,0,1725
2024-05-08,SKU_03,21.99,0,0.0,0,0,1879
2024-05-09,SKU_03,21.23,0,0.0,0,1,2656
2024-05-10,SKU_03,22.56,0,0.0,0,0,2464
2024-05-11,SKU_03,20.61,1,0.122,1,0,4443
2024-05-12,SKU_03,19.23,0,0.0,1,0,2263
2024-05-13,SKU_03,18.75,0,0.0,0,0,1815
2024-05-14,SKU_03,18.25,0,0.0,0,0,1778
2024-05-15,SKU_03,20.28,0,0.0,0,0,1921
2024-05-16,SKU_03,19.37,0,0.0,0,0,2266
2024-05-17,SKU_03,19.55,0,0.0,0,0,2566
2024-05-18,SKU_03,20.52,0,0.0,1,0,2622
2024-05-19,SKU_03,20.98,0,0.0,1,0,2164
2024-05-20,SKU_03,21.04,0,0.0,0,0,1723
2024-05-21,SKU_03,21.92,0,0.0,0,0,1637
2024-05-22,SKU_03,20.33,0,0.0,0,0,1891
2024-05-23,SKU_03,19.71,0,0.0,0,0,2229
2024-05-24,SKU_03,17.21,0,0.0,0,0,2649
2024-05-25,SKU_03,18.84,0,0.0,1,0,2657
2024-05-26,SKU_03,20.91,0,0.0,1,0,2127
2024-05-27,SKU_03,20.99,0,0.0,0,0,1699
2024-05-28,SKU_03,21.34,0,0.0,0,0,1628
2024-05-29,SKU_03,22.41,0,0.0,0,0,1793
2024-05-30,SKU_03,25.49,0,0.0,0,0,1990
2024-05-31,SKU_03,26.03,0,0.0,0,0,2253
2024-06-01,SKU_03,24.02,0,0.0,1,0,2416
2024-06-02,SKU_03,23.54,0,0.0,1,0,2006
2024-06-03,SKU_03,22.16,0,0.0,0,0,1645
2024-06-04,SKU_03,25.45,0,0.0,0,0,1512
2024-06-05,SKU_03,24.59,0,0.0,0,0,1708
2024-06-06,SKU_03,20.72,0,0.0,0,0,2114
2024-06-07,SKU_03,21.01,0,0.0,0,0,2373
2024-06-08,SKU_03,22.35,0,0.0,1,0,2428
2024-06-09,SKU_03,24.02,0,0.0,1,0,1967
2024-06-10,SKU_03,24.75,0,0.0,0,0,1551
2024-06-11,SKU_03,25.02,0,0.0,0,0,1490
2024-06-12,SKU_03,26.15,0,0.0,0,0,1637
2024-06-13,SKU_03,23.37,0,0.0,0,0,1973
2024-06-14,SKU_03,26.45,0,0.0,0,0,2150
2024-06-15,SKU_03,24.63,0,0.0,1,0,2292
2024-06-16,SKU_03,27.75,0,0.0,1,0,1832
2024-06-17,SKU_03,29.39,0,0.0,0,0,1432
2024-06-18,SKU_03,32.09,0,0.0,0,0,1340
2024-06-19,SKU_03,32.29,0,0.0,0,0,1492
2024-06-20,SKU_03,36.03,0,0.0,0,0,1664
2024-06-21,SKU_03,41.27,0,0.0,0,0,1804
2024-06-22,SKU_03,38.22,0,0.0,1,0,1937
2024-06-23,SKU_03,38.2,0,0.0,1,0,1604
2024-06-24,SKU_03,40.73,0,0.0,0,0,1252
2024-06-25,SKU_03,38.65,0,0.0,0,0,1233
2024-06-26,SKU_03,35.92,0,0.0,0,0,1408
2024-06-27,SKU_03,35.58,0,0.0,0,0,1634
2024-06-28,SKU_03,33.34,0,0.0,0,0,1908
2024-06-29,SKU_03,37.21,0,0.0,1,0,1908
2024-06-30,SKU_03,36.38,0,0.0,1,0,1599
2024-07-01,SKU_03,39.87,0,0.0,0,0,1230
2024-07-02,SKU_03,39.3,0,0.0,0,0,1202
2024-07-03,SKU_03,40.89,0,0.0,0,0,1330
2024-07-04,SKU_03,36.67,0,0.0,0,0,1594
2024-07-05,SKU_03,35.24,0,0.0,0,0,1833
2024-07-06,SKU_03,38.4,0,0.0,1,0,1855
2024-07-07,SKU_03,39.4,0,0.0,1,0,1535
2024-07-08,SKU_03,40.94,0,0.0,0,0,1203
2024-07-09,SKU_03,40.32,0,0.0,0,0,1168
2024-07-10,SKU_03,40.63,0,0.0,0,0,1314
2024-07-11,SKU_03,44.15,0,0.0,0,0,1472
2024-07-12,SKU_03,46.7,0,0.0,0,0,1634
2024-07-13,SKU_03,46.39,0,0.0,1,0,1704
2024-07-14,SKU_03,49.22,0,0.0,1,0,1388
2024-07-15,SKU_03,53.13,0,0.0,0,0,2094
2024-07-16,SKU_03,50.98,0,0.0,0,0,1060
2024-07-17,SKU_03,47.13,0,0.0,0,0,1217
2024-07-18,SKU_03,49.95,0,0.0,0,0,1380
2024-07-19,SKU_03,50.6,0,0.0,0,0,1553
2024-07-20,SKU_03,49.36,0,0.0,1,0,1644
2024-07-21,SKU_03,48.93,0,0.0,1,0,1367
2024-07-22,SKU_03,45.14,0,0.0,0,0,1133
2024-07-23,SKU_03,50.88,0,0.0,0,0,1044
2024-07-24,SKU_03,48.29,0,0.0,0,0,1176
2024-07-25,SKU_03,43.81,0,0.0,0,0,1420
2024-07-26,SKU_03,36.89,0,0.0,0,0,1709
2024-07-27,SKU_03,32.98,0,0.0,1,0,1862
2024-07-28,SKU_03,32.38,0,0.0,1,0,1561
2024-07-29,SKU_03,29.93,0,0.0,0,0,120
2024-07-30,SKU_03,28.07,0,0.0,0,0,1272
2024-07-31,SKU_03,24.11,0,0.0,0,0,1507
2024-08-01,SKU_03,24.46,0,0.0,0,0,1733
2024-08-02,SKU_03,25.45,0,0.0,0,0,1931
2024-08-03,SKU_03,25.16,0,0.0,1,0,2025
2024-08-04,SKU_03,23.19,0,0.0,1,0,1731
2024-08-05,SKU_03,20.17,0,0.0,0,0,1455
2024-08-06,SKU_03,18.21,0,0.0,0,0,1463
2024-08-07,SKU_03,19.51,0,0.0,0,0,1594
2024-08-08,SKU_03,18.39,0,0.0,0,0,1891
2024-08-09,SKU_03,18.39,0,0.0,0,0,2157
2024-08-10,SKU_03,20.23,0,0.0,1,0,2174
2024-08-11,SKU_03,16.93,0,0.0,1,0,1929
2024-08-12,SKU_03,14.76,0,0.0,0,0,1619
2024-08-13,SKU_03,16.38,0,0.0,0,0,1519
2024-08-14,SKU_03,17.49,0,0.0,0,0,1650
2024-08-15,SKU_03,20.27,0,0.0,0,0,1815
2024-08-16,SKU_03,19.99,0,0.0,0,0,2079
2024-08-17,SKU_03,22.15,0,0.0,1,0,2098
2024-08-18,SKU_03,23.3,0,0.0,1,0,1712
2024-08-19,SKU_03,23.52,0,0.0,0,0,1379
2024-08-20,SKU_03,22.05,0,0.0,0,0,1354
2024-08-21,SKU_03,21.73,0,0.0,0,0,1537
2024-08-22,SKU_03,23.24,0,0.0,0,0,1739
2024-08-23,SKU_03,23.85,0,0.0,0,0,1962
2024-08-24,SKU_03,20.3,0,0.0,1,0,2172
2024-08-25,SKU_03,19.78,0,0.0,1,0,1827
2024-08-26,SKU_03,22.23,0,0.0,0,0,1409
2024-08-27,SKU_03,21.28,0,0.0,0,0,1382
2024-08-28,SKU_03,19.32,0,0.0,0,0,1607
2024-08-29,SKU_03,21.53,0,0.0,0,0,1808
2024-08-30,SKU_03,20.81,0,0.0,0,0,2077
2024-08-31,SKU_03,20.02,0,0.0,1,0,2211
2024-09-01,SKU_03,19.26,0,0.0,1,0,1859
2024-09-02,SKU_03,20.7,0,0.0,0,0,1458
2024-09-03,SKU_03,21.14,0,0.0,0,0,1395
2024-09-04,SKU_03,20.76,0,0.0,0,0,1575
2024-09-05,SKU_03,23.88,0,0.0,0,0,1745
2024-09-06,SKU_03,23.46,0,0.0,0,0,2014
2024-09-07,SKU_03,23.25,0,0.0,1,0,2114
2024-09-08,SKU_03,26.39,0,0.0,1,0,1683
2024-09-09,SKU_03,25.48,0,0.0,0,0,1369
2024-09-10,SKU_03,23.77,0,0.0,0,0,1365
2024-09-11,SKU_03,20.43,0,0.0,0,0,1612
2024-09-12,SKU_03,22.14,0,0.0,0,0,1834
2024-09-13,SKU_03,20.86,0,0.0,0,0,2134
2024-09-14,SKU_03,21.54,0,0.0,1,0,2217
2024-09-15,SKU_03,22.41,0,0.0,1,0,1830
2024-09-16,SKU_03,23.98,0,0.0,0,0,1416
2024-09-17,SKU_03,21.14,0,0.0,0,0,1443
2024-09-18,SKU_03,20.36,0,0.0,0,0,1655
2024-09-19,SKU_03,20.65,0,0.0,0,0,1912
2024-09-20,SKU_03,20.3,0,0.0,0,0,2214
2024-09-21,SKU_03,20.32,0,0.0,1,0,2314
2024-09-22,SKU_03,21.89,0,0.0,1,0,1887
2024-09-23,SKU_03,21.61,0,0.0,0,0,1520
2024-09-24,SKU_03,23.38,0,0.0,0,0,1436
2024-09-25,SKU_03,22.47,0,0.0,0,0,1634
2024-09-26,SKU_03,19.38,0,0.0,0,0,2019
2024-09-27,SKU_03,20.97,0,0.0,0,0,2247
2024-09-28,SKU_03,20.37,0,0.0,1,0,2383
2024-09-29,SKU_03,21.18,0,0.0,1,0,1973
2024-09-30,SKU_03,20.38,0,0.0,0,0,1606
2024-10-01,SKU_03,21.49,0,0.0,0,0,1526
2024-10-02,SKU_03,21.88,0,0.0,0,0,1707
2024-10-03,SKU_03,21.16,0,0.0,0,0,2011
2024-10-04,SKU_03,21.12,0,0.0,0,0,2304
2024-10-05,SKU_03,18.98,0,0.0,1,0,2529
2024-10-06,SKU_03,17.95,0,0.0,1,0,2145
2024-10-07,SKU_03,17.01,0,0.0,0,0,1761
2024-10-08,SKU_03,17.54,0,0.0,0,0,1693
2024-10-09,SKU_03,17.82,0,0.0,0,0,1895
2024-10-10,SKU_03,20.26,0,0.0,0,0,2127
2024-10-11,SKU_03,18.02,0,0.0,0,0,2536
2024-10-12,SKU_03,16.37,0,0.0,1,0,2747
2024-10-13,SKU_03,17.17,0,0.0,1,0,2267
2024-10-14,SKU_03,18.74,0,0.0,0,0,1770
2024-10-15,SKU_03,20.63,0,0.0,0,0,2297
2024-10-16,SKU_03,14.73,0,0.0,0,0,2115
2024-10-17,SKU_03,15.01,0,0.0,0,0,2461
2024-10-18,SKU_03,15.61,0,0.0,0,0,2772
2024-10-19,SKU_03,16.75,0,0.0,1,0,2836
2024-10-20,SKU_03,19.62,0,0.0,1,0,2265
2024-10-21,SKU_03,19.99,0,0.0,0,0,1801
2024-10-22,SKU_03,19.51,0,0.0,0,0,1764
2024-10-23,SKU_03,17.13,0,0.0,0,0,2091
2024-10-24,SKU_03,19.11,0,0.0,0,0,2344
2024-10-25,SKU_03,16.02,0,0.0,0,0,2871
2024-10-26,SKU_03,15.7,0,0.0,1,0,3035
2024-10-27,SKU_03,15.14,0,0.0,1,0,2584
2024-10-28,SKU_03,14.11,0,0.0,0,0,2121
2024-10-29,SKU_03,15.51,0,0.0,0,0,1989
2024-10-30,SKU_03,16.74,0,0.0,0,0,2198
2024-10-31,SKU_03,15.74,0,0.0,0,0,2644
2024-11-01,SKU_03,15.29,0,0.0,0,0,3042
2024-11-02,SKU_03,17.02,0,0.0,1,0,3074
2024-11-03,SKU_03,18.19,0,0.0,1,0,2531
2024-11-04,SKU_03,16.68,0,0.0,0,0,2099
2024-11-05,SKU_03,16.81,0,0.0,0,0,2042
2024-11-06,SKU_03,17.2,0,0.0,0,0,2277
2024-11-07,SKU_03,18.33,0,0.0,0,0,2602
2024-11-08,SKU_03,18.71,0,0.0,0,0,2965
2024-11-09,SKU_03,19.42,0,0.0,1,0,3079
2024-11-10,SKU_03,20.32,0,0.0,1,0,2543
2024-11-11,SKU_03,18.18,0,0.0,0,0,2111
2024-11-12,SKU_03,19.34,0,0.0,0,0,2032
2024-11-13,SKU_03,18.37,0,0.0,0,0,2329
2024-11-14,SKU_03,17.25,0,0.0,0,0,2796
2024-11-15,SKU_03,15.1,0,0.0,0,0,237
2024-11-16,SKU_03,15.22,0,0.0,1,0,236
2024-11-17,SKU_03,14.54,0,0.0,1,0,2992
2024-11-18,SKU_03,13.61,0,0.0,0,0,2467
2024-11-19,SKU_03,14.13,0,0.0,0,0,2365
2024-11-20,SKU_03,14.64,0,0.0,0,0,2641
2024-11-21,SKU_03,16.31,0,0.0,0,0,2981
2024-11-22,SKU_03,16.78,0,0.0,0,0,3374
2024-11-23,SKU_03,16.64,0,0.0,1,0,3558
2024-11-24,SKU_03,16.83,0,0.0,1,0,2982
2024-11-25,SKU_03,15.97,0,0.0,0,0,2439
2024-11-26,SKU_03,15.42,0,0.0,0,0,2418
2024-11-27,SKU_03,16.19,0,0.0,0,0,2667
2024-11-28,SKU_03,15.35,0,0.0,0,0,3189
2024-11-29,SKU_03,14.93,0,0.0,0,0,3693
2024-11-30,SKU_03,14.79,0,0.0,1,0,3884
2024-12-01,SKU_03,13.25,0,0.0,1,0,3383
2024-12-02,SKU_03,12.24,0,0.0,0,0,2803
2024-12-03,SKU_03,11.33,0,0.0,0,0,2807
2024-12-04,SKU_03,11.24,1,0.316,0,0,6268
2024-12-05,SKU_03,11.23,0,0.0,0,0,3721
2024-12-06,SKU_03,10.88,0,0.0,0,0,4307
2024-12-07,SKU_03,11.07,0,0.0,1,0,4489
2024-12-08,SKU_03,11.07,0,0.0,1,0,3771
2024-12-09,SKU_03,11.89,0,0.0,0,0,2955
2024-12-10,SKU_03,12.05,0,0.0,0,0,2862
2024-12-11,SKU_03,12.53,0,0.0,0,0,3189
2024-12-12,SKU_03,11.89,0,0.0,0,0,3802
2024-12-13,SKU_03,11.42,0,0.0,0,0,4408
2024-12-14,SKU_03,11.73,0,0.0,1,0,4596
2024-12-15,SKU_03,12.14,0,0.0,1,0,3810
2024-12-16,SKU_03,12.8,0,0.0,0,0,3005
2024-12-17,SKU_03,12.82,0,0.0,0,0,2918
2024-12-18,SKU_03,10.68,0,0.0,0,0,3519
2024-12-19,SKU_03,9.94,0,0.0,0,0,4213
2024-12-20,SKU_03,8.77,0,0.0,0,0,5047
2024-12-21,SKU_03,9.11,0,0.0,1,0,5231
2024-12-22,SKU_03,8.83,0,0.0,1,0,4425
2024-12-23,SKU_03,8.55,0,0.0,0,0,3601
2024-12-24,SKU_03,9.37,0,0.0,0,0,3403
2024-12-25,SKU_03,8.8,0,0.0,0,0,3924
2024-12-26,SKU_03,9.06,0,0.0,0,0,4543
2024-12-27,SKU_03,9.83,0,0.0,0,0,5046
2024-12-28,SKU_03,9.76,0,0.0,1,0,5313
2024-12-29,SKU_03,9.98,0,0.0,1,0,4415
2024-12-30,SKU_03,10.38,0,0.0,0,0,3504
2024-12-31,SKU_03,9.96,0,0.0,0,0,3453
2025-01-01,SKU_03,10.5,0,0.0,0,1,4578
2025-01-02,SKU_03,8.57,0,0.0,0,0,4794
2025-01-03,SKU_03,7.43,0,0.0,0,0,5746
2025-01-04,SKU_03,6.96,0,0.0,1,0,6180
2025-01-05,SKU_03,6.91,0,0.0,1,0,5204
2025-01-06,SKU_03,7.15,0,0.0,0,0,4135
2025-01-07,SKU_03,6.97,0,0.0,0,1,4862
2025-01-08,SKU_03,6.48,0,0.0,0,0,4676
2025-01-09,SKU_03,6.41,0,0.0,0,0,5488
2025-01-10,SKU_03,6.54,0,0.0,0,0,6243
2025-01-11,SKU_03,6.24,0,0.0,1,0,6655
2025-01-12,SKU_03,6.69,0,0.0,1,0,5439
2025-01-13,SKU_03,6.89,0,0.0,0,0,4323
2025-01-14,SKU_03,6.74,0,0.0,0,0,4237
2025-01-15,SKU_03,6.08,0,0.0,0,0,4938
2025-01-16,SKU_03,5.47,0,0.0,0,0,5997
2025-01-17,SKU_03,5.42,0,0.0,0,0,6883
2025-01-18,SKU_03,4.42,0,0.0,1,0,7739
2025-01-19,SKU_03,4.84,0,0.0,1,0,6280
2025-01-20,SKU_03,5.12,0,0.0,0,0,4945
2025-01-21,SKU_03,5.0,0,0.0,0,0,4858
2025-01-22,SKU_03,4.92,0,0.0,0,0,5479
2025-01-23,SKU_03,5.08,0,0.0,0,0,6352
2025-01-24,SKU_03,4.78,0,0.0,0,0,7411
2025-01-25,SKU_03,4.61,0,0.0,1,0,7857
2025-01-26,SKU_03,4.5,0,0.0,1,0,6624
2025-01-27,SKU_03,4.02,0,0.0,0,0,5539
2025-01-28,SKU_03,3.6,0,0.0,0,0,5593
2025-01-29,SKU_03,3.67,0,0.0,0,0,6249
2025-01-30,SKU_03,3.46,0,0.0,0,0,7459
2025-01-31,SKU_03,3.42,0,0.0,0,0,8540
2025-02-01,SKU_03,3.52,0,0.0,1,0,8854
2025-02-02,SKU_03,3.09,0,0.0,1,0,7773
2025-02-03,SKU_03,3.27,0,0.0,0,0,6116
2025-02-04,SKU_03,3.48,0,0.0,0,0,5790
2025-02-05,SKU_03,3.57,0,0.0,0,0,6458
2025-02-06,SKU_03,3.92,0,0.0,0,0,7306
2025-02-07,SKU_03,4.17,0,0.0,0,0,8153
2025-02-08,SKU_03,3.96,0,0.0,1,0,8692
2025-02-09,SKU_03,4.36,0,0.0,1,0,7022
2025-02-10,SKU_03,4.16,0,0.0,0,0,5743
2025-02-11,SKU_03,4.43,0,0.0,0,0,5441
