data/sales.csv
date,sku,price,promo_flag,discount_pct,is_weekend,is_holiday,sales
2025-07-24,SKU_05,39.98,0,0.0,0,0,869
2025-07-25,SKU_05,37.47,0,0.0,0,0,992
2025-07-26,SKU_05,40.27,0,0.0,1,0,1066
2025-07-27,SKU_05,37.09,0,0.0,1,0,1021
2025-07-28,SKU_05,39.29,0,0.0,0,0,1830
2025-07-29,SKU_05,38.59,0,0.0,0,0,832
2025-07-30,SKU_05,40.09,0,0.0,0,0,821
2025-07-31,SKU_05,40.23,0,0.0,0,0,853
2025-08-01,SKU_05,38.18,0,0.0,0,0,975
2025-08-02,SKU_05,38.18,0,0.0,1,0,1088
2025-08-03,SKU_05,37.1,0,0.0,1,0,1023
2025-08-04,SKU_05,37.76,0,0.0,0,0,886
2025-08-05,SKU_05,39.0,0,0.0,0,0,824
2025-08-06,SKU_05,39.09,0,0.0,0,0,822
2025-08-07,SKU_05,42.16,0,0.0,0,0,841
2025-08-08,SKU_05,42.37,0,0.0,0,0,939
2025-08-09,SKU_05,43.99,0,0.0,1,0,1028
2025-08-10,SKU_05,45.02,0,0.0,1,0,943
2025-08-11,SKU_05,42.53,0,0.0,0,0,836
2025-08-12,SKU_05,43.94,0,0.0,0,0,788
2025-08-13,SKU_05,44.98,0,0.0,0,0,775
2025-08-14,SKU_05,44.92,0,0.0,0,0,817
2025-08-15,SKU_05,43.17,0,0.0,0,0,925
2025-08-16,SKU_05,43.43,0,0.0,1,0,1025
2025-08-17,SKU_05,48.67,0,0.0,1,0,914
2025-08-18,SKU_05,45.98,0,0.0,0,0,813
2025-08-19,SKU_05,45.08,0,0.0,0,0,767
2025-08-20,SKU_05,44.22,0,0.0,0,0,776
2025-08-21,SKU_05,48.43,0,0.0,0,0,783
2025-08-22,SKU_05,47.39,0,0.0,0,0,880
2025-08-23,SKU_05,50.39,0,0.0,1,0,958
2025-08-24,SKU_05,53.49,0,0.0,1,0,877
2025-08-25,SKU_05,55.37,0,0.0,0,0,755
2025-08-26,SKU_05,55.19,0,0.0,0,0,703
2025-08-27,SKU_05,53.49,0,0.0,0,0,714
2025-08-28,SKU_05,53.79,0,0.0,0,0,744
2025-08-29,SKU_05,53.42,0,0.0,0,0,842
2025-08-30,SKU_05,53.41,0,0.0,1,0,924
2025-08-31,SKU_05,51.86,0,0.0,1,0,872
2025-09-01,SKU_05,52.47,0,0.0,0,0,755
2025-09-02,SKU_05,48.19,0,0.0,0,0,744
2025-09-03,SKU_05,47.24,0,0.0,0,0,741
2025-09-04,SKU_05,44.98,0,0.0,0,0,788
2025-09-05,SKU_05,44.05,0,0.0,0,0,890
2025-09-06,SKU_05,46.07,0,0.0,1,0,970
2025-09-07,SKU_05,49.42,1,0.332,1,0,2054
2025-09-08,SKU_05,52.52,0,0.0,0,0,741
2025-09-09,SKU_05,55.08,0,0.0,0,0,687
2025-09-10,SKU_05,50.82,0,0.0,0,0,707
2025-09-11,SKU_05,52.64,0,0.0,0,0,734
2025-09-12,SKU_05,52.3,0,0.0,0,0,820
2025-09-13,SKU_05,56.29,0,0.0,1,0,891
2025-09-14,SKU_05,61.42,0,0.0,1,0,801
2025-09-15,SKU_05,63.35,1,0.299,0,0,1549
2025-09-16,SKU_05,56.23,0,0.0,0,0,683
2025-09-17,SKU_05,59.73,0,0.0,0,0,660
2025-09-18,SKU_05,59.34,0,0.0,0,0,697
2025-09-19,SKU_05,58.72,0,0.0,0,0,786
2025-09-20,SKU_05,56.27,0,0.0,1,0,877
2025-09-21,SKU_05,54.83,0,0.0,1,0,820
2025-09-22,SKU_05,52.63,0,0.0,0,0,724
2025-09-23,SKU_05,55.38,0,0.0,0,0,670
2025-09-24,SKU_05,58.18,0,0.0,0,0,659
2025-09-25,SKU_05,56.4,0,0.0,0,0,688
2025-09-26,SKU_05,57.29,0,0.0,0,0,769
2025-09-27,SKU_05,61.97,0,0.0,1,0,839
2025-09-28,SKU_05,59.62,0,0.0,1,0,779
2025-09-29,SKU_05,56.24,0,0.0,0,0,693
2025-09-30,SKU_05,58.28,0,0.0,0,0,649
2025-10-01,SKU_05,56.57,0,0.0,0,0,648
2025-10-02,SKU_05,56.05,0,0.0,0,0,684
2025-10-03,SKU_05,56.48,0,0.0,0,0,760
2025-10-04,SKU_05,53.34,0,0.0,1,0,867
2025-10-05,SKU_05,56.94,0,0.0,1,0,779
2025-10-06,SKU_05,56.39,0,0.0,0,0,685
2025-10-07,SKU_05,52.91,0,0.0,0,0,656
2025-10-08,SKU_05,53.14,0,0.0,0,0,645
2025-10-09,SKU_05,51.35,0,0.0,0,0,700
2025-10-10,SKU_05,47.65,0,0.0,0,0,796
2025-10-11,SKU_05,49.34,0,0.0,1,0,868
2025-10-12,SKU_05,49.49,0,0.0,1,0,808
2025-10-13,SKU_05,47.83,0,0.0,0,0,710
2025-10-14,SKU_05,50.31,0,0.0,0,0,650
2025-10-15,SKU_05,53.49,0,0.0,0,0,651
2025-10-16,SKU_05,58.0,0,0.0,0,0,655
2025-10-17,SKU_05,61.0,0,0.0,0,0,717
2025-10-18,SKU_05,59.69,0,0.0,1,0,802
2025-10-19,SKU_05,61.87,0,0.0,1,0,741
2025-10-20,SKU_05,67.99,0,0.0,0,0,616
2025-10-21,SKU_05,64.99,0,0.0,0,0,597
2025-10-22,SKU_05,71.56,0,0.0,0,0,574
2025-10-23,SKU_05,67.61,0,0.0,0,0,605
2025-10-24,SKU_05,67.45,0,0.0,0,0,684
2025-10-25,SKU_05,69.27,0,0.0,1,0,751
2025-10-26,SKU_05,71.2,0,0.0,1,0,1300
2025-10-27,SKU_05,69.54,0,0.0,0,0,606
2025-10-28,SKU_05,67.09,0,0.0,0,0,583
2025-10-29,SKU_05,67.17,0,0.0,0,0,572
2025-10-30,SKU_05,63.7,0,0.0,0,0,610
2025-10-31,SKU_05,64.69,0,0.0,0,0,689
2025-11-01,SKU_05,62.21,0,0.0,1,0,776
2025-11-02,SKU_05,57.41,0,0.0,1,0,735
2025-11-03,SKU_05,59.62,0,0.0,0,0,625
2025-11-04,SKU_05,60.48,0,0.0,0,0,588
2025-11-05,SKU_05,59.38,0,0.0,0,0,585
2025-11-06,SKU_05,62.0,0,0.0,0,0,618
2025-11-07,SKU_05,67.63,0,0.0,0,0,668
2025-11-08,SKU_05,64.64,0,0.0,1,0,747
2025-11-09,SKU_05,65.83,0,0.0,1,0,687
2025-11-10,SKU_05,61.67,0,0.0,0,0,613
2025-11-11,SKU_05,61.81,0,0.0,0,0,594
2025-11-12,SKU_05,62.42,0,0.0,0,0,581
2025-11-13,SKU_05,65.1,0,0.0,0,0,591
2025-11-14,SKU_05,68.75,0,0.0,0,0,654
2025-11-15,SKU_05,66.21,0,0.0,1,0,736
2025-11-16,SKU_05,65.5,0,0.0,1,0,691
2025-11-17,SKU_05,64.68,0,0.0,0,0,599
2025-11-18,SKU_05,62.32,0,0.0,0,0,575
2025-11-19,SKU_05,58.36,0,0.0,0,0,589
2025-11-20,SKU_05,58.19,0,0.0,0,0,920
2025-11-21,SKU_05,57.68,0,0.0,0,0,697
2025-11-22,SKU_05,61.9,0,0.0,1,0,757
2025-11-23,SKU_05,56.57,0,0.0,1,0,719
2025-11-24,SKU_05,58.46,0,0.0,0,0,616
2025-11-25,SKU_05,55.75,0,0.0,0,0,594
2025-11-26,SKU_05,56.91,0,0.0,0,0,582
2025-11-27,SKU_05,61.99,0,0.0,0,0,607
2025-11-28,SKU_05,63.34,0,0.0,0,0,675
2025-11-29,SKU_05,62.22,0,0.0,1,0,747
2025-11-30,SKU_05,61.28,0,0.0,1,0,704
2025-12-01,SKU_05,58.86,0,0.0,0,0,612
2025-12-02,SKU_05,53.67,0,0.0,0,0,602
2025-12-03,SKU_05,56.65,0,0.0,0,0,584
2025-12-04,SKU_05,58.65,0,0.0,0,0,621
2025-12-05,SKU_05,59.75,0,0.0,0,0,680
2025-12-06,SKU_05,61.95,0,0.0,1,0,746
2025-12-07,SKU_05,62.9,0,0.0,1,0,689
2025-12-08,SKU_05,60.84,0,0.0,0,0,617
2025-12-09,SKU_05,58.84,0,0.0,0,0,584
2025-12-10,SKU_05,51.43,0,0.0,0,0,611
2025-12-11,SKU_05,54.09,0,0.0,0,0,629
2025-12-12,SKU_05,51.3,0,0.0,0,0,711
2025-12-13,SKU_05,48.28,0,0.0,1,0,818
2025-12-14,SKU_05,42.29,0,0.0,1,0,794
2025-12-15,SKU_05,44.34,0,0.0,0,0,678
2025-12-16,SKU_05,46.41,0,0.0,0,0,639
2025-12-17,SKU_05,42.79,0,0.0,0,0,651
2025-12-18,SKU_05,45.23,0,0.0,0,0,673
2025-12-19,SKU_05,43.57,0,0.0,0,0,771
2025-12-20,SKU_05,42.8,0,0.0,1,0,849
2025-12-21,SKU_05,47.0,0,0.0,1,0,771
2025-12-22,SKU_05,44.97,0,0.0,0,0,681
2025-12-23,SKU_05,46.75,0,0.0,0,0,649
2025-12-24,SKU_05,46.76,0,0.0,0,0,633
2025-12-25,SKU_05,47.34,0,0.0,0,0,669
2025-12-26,SKU_05,51.18,0,0.0,0,0,725
2025-12-27,SKU_05,57.54,0,0.0,1,0,789
2025-12-28,SKU_05,56.88,0,0.0,1,0,730
2025-12-29,SKU_05,60.92,0,0.0,0,0,623
2025-12-30,SKU_05,62.4,0,0.0,0,0,583
2025-12-31,SKU_05,61.08,0,0.0,0,0,587
2026-01-01,SKU_05,59.49,0,0.0,0,1,744
2026-01-02,SKU_05,59.76,0,0.0,0,0,698
2026-01-03,SKU_05,63.76,0,0.0,1,0,762
2026-01-04,SKU_05,60.54,0,0.0,1,0,724
2026-01-05,SKU_05,60.47,0,0.0,0,0,630
2026-01-06,SKU_05,61.92,0,0.0,0,0,587
2026-01-07,SKU_05,58.99,0,0.0,0,1,33
2026-01-08,SKU_05,57.0,0,0.0,0,0,646
2026-01-09,SKU_05,56.08,0,0.0,0,0,728
2026-01-10,SKU_05,55.76,0,0.0,1,0,801
2026-01-11,SKU_05,53.97,0,0.0,1,0,763
2026-01-12,SKU_05,52.27,0,0.0,0,0,667
2026-01-13,SKU_05,55.59,0,0.0,0,0,619
2026-01-14,SKU_05,55.18,0,0.0,0,0,632
2026-01-15,SKU_05,60.14,0,0.0,0,0,639
2026-01-16,SKU_05,60.69,0,0.0,0,0,728
2026-01-17,SKU_05,59.17,0,0.0,1,0,813
2026-01-18,SKU_05,59.7,0,0.0,1,0,752
2026-01-19,SKU_05,61.51,0,0.0,0,0,645
2026-01-20,SKU_05,64.26,0,0.0,0,0,611
2026-01-21,SKU_05,64.49,0,0.0,0,0,602
2026-01-22,SKU_05,61.48,0,0.0,0,0,653
2026-01-23,SKU_05,58.05,0,0.0,0,0,741
2026-01-24,SKU_05,56.73,0,0.0,1,0,842
2026-01-25,SKU_05,49.3,0,0.0,1,0,816
2026-01-26,SKU_05,47.33,0,0.0,0,0,722
2026-01-27,SKU_05,49.46,0,0.0,0,0,683
2026-01-28,SKU_05,52.41,0,0.0,0,0,668
2026-01-29,SKU_05,56.47,0,0.0,0,0,682
2026-01-30,SKU_05,58.36,0,0.0,0,0,769
2026-01-31,SKU_05,57.48,0,0.0,1,0,856
2026-02-01,SKU_05,57.76,0,0.0,1,0,794
2026-02-02,SKU_05,58.91,0,0.0,0,0,693
2026-02-03,SKU_05,59.81,0,0.0,0,0,645
2026-02-04,SKU_05,60.16,0,0.0,0,0,644
2026-02-05,SKU_05,57.94,0,0.0,0,0,702
2026-02-06,SKU_05,62.07,0,0.0,0,0,766
2026-02-07,SKU_05,61.29,0,0.0,1,0,861
2026-02-08,SKU_05,62.07,0,0.0,1,0,796
2026-02-09,SKU_05,60.18,0,0.0,0,0,701
2026-02-10,SKU_05,59.25,0,0.0,0,0,669
2026-02-11,SKU_05,56.59,0,0.0,0,0,680
2026-02-12,SKU_05,53.81,0,0.0,0,0,732
2026-02-13,SKU_05,54.79,0,0.0,0,0,827
2026-02-14,SKU_05,55.53,0,0.0,1,0,905
2026-02-15,SKU_05,51.11,0,0.0,1,0,872
2026-02-16,SKU_05,51.24,0,0.0,0,0,759
2026-02-17,SKU_05,52.17,0,0.0,0,0,727
2026-02-18,SKU_05,49.0,0,0.0,0,0,745
2026-02-19,SKU_05,51.1,0,0.0,0,0,765
2026-02-20,SKU_05,50.58,1,0.12,0,0,1581
2026-02-21,SKU_05,52.28,0,0.0,1,0,955
2026-02-22,SKU_05,48.91,0,0.0,1,0,911
2026-02-23,SKU_05,50.24,0,0.0,0,1,956
2026-02-24,SKU_05,50.83,0,0.0,0,0,747
2026-02-25,SKU_05,50.91,0,0.0,0,0,750
2026-02-26,SKU_05,47.24,0,0.0,0,0,819
2026-02-27,SKU_05,49.05,0,0.0,0,0,903
2026-02-28,SKU_05,50.5,0,0.0,1,0,999
2026-03-01,SKU_05,50.32,0,0.0,1,0,937
2026-03-02,SKU_05,45.56,0,0.0,0,0,846
2026-03-03,SKU_05,44.13,0,0.0,0,0,806
2026-03-04,SKU_05,43.8,0,0.0,0,0,812
2026-03-05,SKU_05,46.0,0,0.0,0,0,850
2026-03-06,SKU_05,47.37,0,0.0,0,0,943
2026-03-07,SKU_05,40.89,0,0.0,1,0,1101
2026-03-08,SKU_05,41.74,0,0.0,1,1,1237
2026-03-09,SKU_05,41.26,0,0.0,0,0,897
2026-03-10,SKU_05,41.24,0,0.0,0,0,856
2026-03-11,SKU_05,41.4,0,0.0,0,0,863
2026-03-12,SKU_05,40.46,0,0.0,0,0,911
2026-03-13,SKU_05,40.9,0,0.0,0,0,1018
2026-03-14,SKU_05,40.26,0,0.0,1,0,1148
2026-03-15,SKU_05,42.68,0,0.0,1,0,1051
2026-03-16,SKU_05,42.77,0,0.0,0,0,919
2026-03-17,SKU_05,40.82,0,0.0,0,0,888
2026-03-18,SKU_05,42.51,0,0.0,0,0,875
2026-03-19,SKU_05,41.31,0,0.0,0,0,935
2026-03-20,SKU_05,44.07,0,0.0,0,0,1024
2026-03-21,SKU_05,43.03,0,0.0,1,0,1156
2026-03-22,SKU_05,41.29,0,0.0,1,0,1095
2026-03-23,SKU_05,45.2,0,0.0,0,0,930
2026-03-24,SKU_05,43.29,0,0.0,0,0,891
2026-03-25,SKU_05,41.71,0,0.0,0,0,909
2026-03-26,SKU_05,42.38,0,0.0,0,0,948
2026-03-27,SKU_05,39.07,0,0.0,0,0,1100
2026-03-28,SKU_05,40.7,0,0.0,1,0,1222
2026-03-29,SKU_05,37.73,0,0.0,1,0,1164
2026-03-30,SKU_05,35.76,0,0.0,0,0,1042
2026-03-31,SKU_05,35.52,0,0.0,0,0,987
2026-04-01,SKU_05,36.97,0,0.0,0,0,968
2026-04-02,SKU_05,38.22,0,0.0,0,0,1021
2026-04-03,SKU_05,37.37,0,0.0,0,0,1151
2026-04-04,SKU_05,38.73,0,0.0,1,0,1270
2026-04-05,SKU_05,38.22,0,0.0,1,0,1189
